[    0.000000] Initializing cgroup subsys cpuset
[    0.000000] Initializing cgroup subsys cpu
[    0.000000] Initializing cgroup subsys cpuacct
[    0.000000] Linux version 4.4.0-141-generic (buildd@lcy01-amd64-006) (gcc version 5.4.0 20160609 (Ubuntu 5.4.0-6ubuntu1~16.04.10) ) #167-Ubuntu SMP Wed Dec 5 10:40:15 UTC 2018 (Ubuntu 4.4.0-141.167-generic 4.4.162)
[    0.000000] Command line: BOOT_IMAGE=/boot/vmlinuz-4.4.0-141-generic root=LABEL=cloudimg-rootfs ro console=tty1 console=ttyS0
[    0.000000] KERNEL supported cpus:
[    0.000000]   Intel GenuineIntel
[    0.000000]   AMD AuthenticAMD
[    0.000000]   Centaur CentaurHauls
[    0.000000] x86/fpu: xstate_offset[2]:  576, xstate_sizes[2]:  256
[    0.000000] x86/fpu: Supporting XSAVE feature 0x01: 'x87 floating point registers'
[    0.000000] x86/fpu: Supporting XSAVE feature 0x02: 'SSE registers'
[    0.000000] x86/fpu: Supporting XSAVE feature 0x04: 'AVX registers'
[    0.000000] x86/fpu: Enabled xstate features 0x7, context size is 832 bytes, using 'standard' format.
[    0.000000] e820: BIOS-provided physical RAM map:
[    0.000000] BIOS-e820: [mem 0x0000000000000000-0x000000000009fbff] usable
[    0.000000] BIOS-e820: [mem 0x000000000009fc00-0x000000000009ffff] reserved
[    0.000000] BIOS-e820: [mem 0x00000000000f0000-0x00000000000fffff] reserved
[    0.000000] BIOS-e820: [mem 0x0000000000100000-0x000000007ffeffff] usable
[    0.000000] BIOS-e820: [mem 0x000000007fff0000-0x000000007fffffff] ACPI data
[    0.000000] BIOS-e820: [mem 0x00000000fec00000-0x00000000fec00fff] reserved
[    0.000000] BIOS-e820: [mem 0x00000000fee00000-0x00000000fee00fff] reserved
[    0.000000] BIOS-e820: [mem 0x00000000fffc0000-0x00000000ffffffff] reserved
[    0.000000] NX (Execute Disable) protection: active
[    0.000000] SMBIOS 2.5 present.
[    0.000000] Hypervisor detected: KVM
[    0.000000] e820: last_pfn = 0x7fff0 max_arch_pfn = 0x400000000
[    0.000000] MTRR: Disabled
[    0.000000] x86/PAT: MTRRs disabled, skipping PAT initialization too.
[    0.000000] CPU MTRRs all blank - virtualized system.
[    0.000000] x86/PAT: Configuration [0-7]: WB  WT  UC- UC  WB  WT  UC- UC  
[    0.000000] found SMP MP-table at [mem 0x0009fff0-0x0009ffff] mapped at [ffff88000009fff0]
[    0.000000] Scanning 1 areas for low memory corruption
[    0.000000] RAMDISK: [mem 0x36308000-0x3717bfff]
[    0.000000] ACPI: Early table checksum verification disabled
[    0.000000] ACPI: RSDP 0x00000000000E0000 000024 (v02 VBOX  )
[    0.000000] ACPI: XSDT 0x000000007FFF0030 00003C (v01 VBOX   VBOXXSDT 00000001 ASL  00000061)
[    0.000000] ACPI: FACP 0x000000007FFF00F0 0000F4 (v04 VBOX   VBOXFACP 00000001 ASL  00000061)
[    0.000000] ACPI: DSDT 0x000000007FFF0470 0021FF (v02 VBOX   VBOXBIOS 00000002 INTL 20100528)
[    0.000000] ACPI: FACS 0x000000007FFF0200 000040
[    0.000000] ACPI: FACS 0x000000007FFF0200 000040
[    0.000000] ACPI: APIC 0x000000007FFF0240 000054 (v02 VBOX   VBOXAPIC 00000001 ASL  00000061)
[    0.000000] ACPI: SSDT 0x000000007FFF02A0 0001CC (v01 VBOX   VBOXCPUT 00000002 INTL 20100528)
[    0.000000] No NUMA configuration found
[    0.000000] Faking a node at [mem 0x0000000000000000-0x000000007ffeffff]
[    0.000000] NODE_DATA(0) allocated [mem 0x7ffeb000-0x7ffeffff]
[    0.000000] kvm-clock: Using msrs 4b564d01 and 4b564d00
[    0.000000] kvm-clock: cpu 0, msr 0:7ffe3001, primary cpu clock
[    0.000000] kvm-clock: using sched offset of 5214611995 cycles
[    0.000000] clocksource: kvm-clock: mask: 0xffffffffffffffff max_cycles: 0x1cd42e4dffb, max_idle_ns: 881590591483 ns
[    0.000000] Zone ranges:
[    0.000000]   DMA      [mem 0x0000000000001000-0x0000000000ffffff]
[    0.000000]   DMA32    [mem 0x0000000001000000-0x000000007ffeffff]
[    0.000000]   Normal   empty
[    0.000000]   Device   empty
[    0.000000] Movable zone start for each node
[    0.000000] Early memory node ranges
[    0.000000]   node   0: [mem 0x0000000000001000-0x000000000009efff]
[    0.000000]   node   0: [mem 0x0000000000100000-0x000000007ffeffff]
[    0.000000] Initmem setup node 0 [mem 0x0000000000001000-0x000000007ffeffff]
[    0.000000] ACPI: PM-Timer IO Port: 0x4008
[    0.000000] IOAPIC[0]: apic_id 1, version 32, address 0xfec00000, GSI 0-23
[    0.000000] ACPI: INT_SRC_OVR (bus 0 bus_irq 0 global_irq 2 dfl dfl)
[    0.000000] ACPI: INT_SRC_OVR (bus 0 bus_irq 9 global_irq 9 low level)
[    0.000000] Using ACPI (MADT) for SMP configuration information
[    0.000000] smpboot: Allowing 1 CPUs, 0 hotplug CPUs
[    0.000000] PM: Registered nosave memory: [mem 0x00000000-0x00000fff]
[    0.000000] PM: Registered nosave memory: [mem 0x0009f000-0x0009ffff]
[    0.000000] PM: Registered nosave memory: [mem 0x000a0000-0x000effff]
[    0.000000] PM: Registered nosave memory: [mem 0x000f0000-0x000fffff]
[    0.000000] e820: [mem 0x80000000-0xfebfffff] available for PCI devices
[    0.000000] Booting paravirtualized kernel on KVM
[    0.000000] clocksource: refined-jiffies: mask: 0xffffffff max_cycles: 0xffffffff, max_idle_ns: 7645519600211568 ns
[    0.000000] setup_percpu: NR_CPUS:512 nr_cpumask_bits:512 nr_cpu_ids:1 nr_node_ids:1
[    0.000000] PERCPU: Embedded 34 pages/cpu @ffff88007fc00000 s99608 r8192 d31464 u2097152
[    0.000000] PV qspinlock hash table entries: 256 (order: 0, 4096 bytes)
[    0.000000] Built 1 zonelists in Node order, mobility grouping on.  Total pages: 515960
[    0.000000] Policy zone: DMA32
[    0.000000] Kernel command line: BOOT_IMAGE=/boot/vmlinuz-4.4.0-141-generic root=LABEL=cloudimg-rootfs ro console=tty1 console=ttyS0
[    0.000000] PID hash table entries: 4096 (order: 3, 32768 bytes)
[    0.000000] Memory: 2030032K/2096696K available (8568K kernel code, 1314K rwdata, 4008K rodata, 1528K init, 1316K bss, 66664K reserved, 0K cma-reserved)
[    0.000000] SLUB: HWalign=64, Order=0-3, MinObjects=0, CPUs=1, Nodes=1
[    0.000000] Kernel/User page tables isolation: enabled
[    0.000000] Hierarchical RCU implementation.
[    0.000000] 	Build-time adjustment of leaf fanout to 64.
[    0.000000] 	RCU restricting CPUs from NR_CPUS=512 to nr_cpu_ids=1.
[    0.000000] RCU: Adjusting geometry for rcu_fanout_leaf=64, nr_cpu_ids=1
[    0.000000] NR_IRQS:33024 nr_irqs:256 16
[    0.000000] Console: colour VGA+ 80x25
[    0.000000] console [tty1] enabled
[    0.000000] console [ttyS0] enabled
[    0.000000] tsc: Detected 2691.268 MHz processor
[    0.412935] Calibrating delay loop (skipped) preset value.. 5382.53 BogoMIPS (lpj=10765072)
[    0.417677] pid_max: default: 32768 minimum: 301
[    0.420103] ACPI: Core revision 20150930
[    0.425744] ACPI: 2 ACPI AML tables successfully acquired and loaded
[    0.428381] Security Framework initialized
[    0.430440] Yama: becoming mindful.
[    0.432181] AppArmor: AppArmor initialized
[    0.435671] Dentry cache hash table entries: 262144 (order: 9, 2097152 bytes)
[    0.439578] Inode-cache hash table entries: 131072 (order: 8, 1048576 bytes)
[    0.443917] Mount-cache hash table entries: 4096 (order: 3, 32768 bytes)
[    0.446829] Mountpoint-cache hash table entries: 4096 (order: 3, 32768 bytes)
[    0.450101] Initializing cgroup subsys io
[    0.451801] Initializing cgroup subsys memory
[    0.453400] Initializing cgroup subsys devices
[    0.455073] Initializing cgroup subsys freezer
[    0.456694] Initializing cgroup subsys net_cls
[    0.458344] Initializing cgroup subsys perf_event
[    0.460454] Initializing cgroup subsys net_prio
[    0.462637] Initializing cgroup subsys hugetlb
[    0.464958] Initializing cgroup subsys pids
[    0.466917] mce: CPU supports 0 MCE banks
[    0.468612] process: using mwait in idle threads
[    0.470456] Last level iTLB entries: 4KB 512, 2MB 8, 4MB 8
[    0.472374] Last level dTLB entries: 4KB 512, 2MB 32, 4MB 32, 1GB 0
[    0.474448] Spectre V2 : Mitigation: Full generic retpoline
[    0.476656] Spectre V2 : Spectre v2 mitigation: Speculation control IBPB not-supported IBRS not-supported
[    0.480491] Spectre V2 : Spectre v2 / SpectreRSB mitigation: Filling RSB on context switch
[    0.484305] Speculative Store Bypass: Vulnerable
[    0.523915] Freeing SMP alternatives memory: 32K
[    0.539742] ftrace: allocating 32291 entries in 127 pages
[    0.636208] smpboot: APIC(0) Converting physical 0 to logical package 0
[    0.641955] smpboot: Max logical packages: 1
[    0.644865] x2apic enabled
[    0.646783] Switched APIC routing to physical x2apic.
[    0.655011] ..TIMER: vector=0x30 apic1=0 pin1=2 apic2=-1 pin2=-1
[    0.762834] smpboot: CPU0: Intel(R) Core(TM) i5-3340M CPU @ 2.70GHz (family: 0x6, model: 0x3a, stepping: 0x9)
[    0.768535] Performance Events: unsupported p6 CPU model 58 no PMU driver, software events only.
[    0.772763] KVM setup paravirtual spinlock
[    0.776396] x86: Booted up 1 node, 1 CPUs
[    0.778682] smpboot: Total of 1 processors activated (5382.53 BogoMIPS)
[    0.783660] devtmpfs: initialized
[    0.799127] evm: security.selinux
[    0.801089] evm: security.SMACK64
[    0.802725] evm: security.SMACK64EXEC
[    0.804565] evm: security.SMACK64TRANSMUTE
[    0.806794] evm: security.SMACK64MMAP
[    0.808886] evm: security.ima
[    0.810524] evm: security.capability
[    0.813267] clocksource: jiffies: mask: 0xffffffff max_cycles: 0xffffffff, max_idle_ns: 7645041785100000 ns
[    0.818166] futex hash table entries: 256 (order: 2, 16384 bytes)
[    0.821157] pinctrl core: initialized pinctrl subsystem
[    0.823815] RTC time:  3:49:19, date: 01/17/19
[    0.826408] NET: Registered protocol family 16
[    0.829318] cpuidle: using governor ladder
[    0.831616] cpuidle: using governor menu
[    0.834032] PCCT header not found.
[    0.835987] ACPI: bus type PCI registered
[    0.838071] acpiphp: ACPI Hot Plug PCI Controller Driver version: 0.5
[    0.840533] PCI: Using configuration type 1 for base access
[    0.845768] ACPI: Added _OSI(Module Device)
[    0.848053] ACPI: Added _OSI(Processor Device)
[    0.850543] ACPI: Added _OSI(3.0 _SCP Extensions)
[    0.852337] ACPI: Added _OSI(Processor Aggregator Device)
[    0.857309] ACPI: Executed 1 blocks of module-level executable AML code
[    0.868677] ACPI: Interpreter enabled
[    0.870589] ACPI: (supports S0 S5)
[    0.871993] ACPI: Using IOAPIC for interrupt routing
[    0.874196] PCI: Using host bridge windows from ACPI; if necessary, use "pci=nocrs" and report a bug
[    0.887543] ACPI: PCI Root Bridge [PCI0] (domain 0000 [bus 00-ff])
[    0.889825] acpi PNP0A03:00: _OSC: OS supports [ASPM ClockPM Segments MSI]
[    0.892728] acpi PNP0A03:00: _OSC: not requesting OS control; OS requires [ExtendedConfig ASPM ClockPM MSI]
[    0.897651] acpi PNP0A03:00: fail to add MMCONFIG information, can't access extended PCI configuration space under this bridge.
[    0.903386] PCI host bridge to bus 0000:00
[    0.905434] pci_bus 0000:00: root bus resource [io  0x0000-0x0cf7 window]
[    0.916730] pci_bus 0000:00: root bus resource [io  0x0d00-0xffff window]
[    0.919148] pci_bus 0000:00: root bus resource [mem 0x000a0000-0x000bffff window]
[    0.923431] pci_bus 0000:00: root bus resource [mem 0x80000000-0xfdffffff window]
[    0.926229] pci_bus 0000:00: root bus resource [bus 00-ff]
[    0.932464] pci 0000:00:01.1: legacy IDE quirk: reg 0x10: [io  0x01f0-0x01f7]
[    0.935489] pci 0000:00:01.1: legacy IDE quirk: reg 0x14: [io  0x03f6]
[    0.938668] pci 0000:00:01.1: legacy IDE quirk: reg 0x18: [io  0x0170-0x0177]
[    0.941046] pci 0000:00:01.1: legacy IDE quirk: reg 0x1c: [io  0x0376]
[    0.981015] pci 0000:00:07.0: quirk: [io  0x4000-0x403f] claimed by PIIX4 ACPI
[    1.005255] pci 0000:00:07.0: quirk: [io  0x4100-0x410f] claimed by PIIX4 SMB
[    1.032782] ACPI: PCI Interrupt Link [LNKA] (IRQs 5 9 10 *11)
[    1.036506] ACPI: PCI Interrupt Link [LNKB] (IRQs 5 9 *10 11)
[    1.043162] ACPI: PCI Interrupt Link [LNKC] (IRQs 5 *9 10 11)
[    1.047936] ACPI: PCI Interrupt Link [LNKD] (IRQs 5 9 10 *11)
[    1.051448] ACPI: Enabled 2 GPEs in block 00 to 07
[    1.061205] vgaarb: setting as boot device: PCI:0000:00:02.0
[    1.065146] vgaarb: device added: PCI:0000:00:02.0,decodes=io+mem,owns=io+mem,locks=none
[    1.068693] vgaarb: loaded
[    1.070032] vgaarb: bridge control possible 0000:00:02.0
[    1.074040] SCSI subsystem initialized
[    1.075714] ACPI: bus type USB registered
[    1.077568] usbcore: registered new interface driver usbfs
[    1.080305] usbcore: registered new interface driver hub
[    1.082725] usbcore: registered new device driver usb
[    1.084853] PCI: Using ACPI for IRQ routing
[    1.088292] NetLabel: Initializing
[    1.089899] NetLabel:  domain hash size = 128
[    1.093777] NetLabel:  protocols = UNLABELED CIPSOv4
[    1.096078] NetLabel:  unlabeled traffic allowed by default
[    1.098557] amd_nb: Cannot enumerate AMD northbridges
[    1.103600] clocksource: Switched to clocksource kvm-clock
[    1.123228] AppArmor: AppArmor Filesystem Enabled
[    1.162641] pnp: PnP ACPI init
[    1.168108] pnp: PnP ACPI: found 3 devices
[    1.179244] clocksource: acpi_pm: mask: 0xffffff max_cycles: 0xffffff, max_idle_ns: 2085701024 ns
[    1.185462] NET: Registered protocol family 2
[    1.187591] TCP established hash table entries: 16384 (order: 5, 131072 bytes)
[    1.190816] TCP bind hash table entries: 16384 (order: 6, 262144 bytes)
[    1.194452] TCP: Hash tables configured (established 16384 bind 16384)
[    1.201270] UDP hash table entries: 1024 (order: 3, 32768 bytes)
[    1.203844] UDP-Lite hash table entries: 1024 (order: 3, 32768 bytes)
[    1.206584] NET: Registered protocol family 1
[    1.208198] pci 0000:00:00.0: Limiting direct PCI/PCI transfers
[    1.210325] pci 0000:00:01.0: Activating ISA DMA hang workarounds
[    1.212821] Unpacking initramfs...
[    1.693089] Freeing initrd memory: 14800K
[    1.694912] RAPL PMU detected, API unit is 2^-32 Joules, 3 fixed counters 10737418240 ms ovfl timer
[    1.701703] hw unit of domain pp0-core 2^-0 Joules
[    1.705375] hw unit of domain package 2^-0 Joules
[    1.707472] hw unit of domain pp1-gpu 2^-0 Joules
[    1.715139] platform rtc_cmos: registered platform RTC device (no PNP device found)
[    1.724897] Scanning for low memory corruption every 60 seconds
[    1.732437] audit: initializing netlink subsys (disabled)
[    1.735566] audit: type=2000 audit(1547696966.080:1): initialized
[    1.738839] Initialise system trusted keyring
[    1.740943] HugeTLB registered 2 MB page size, pre-allocated 0 pages
[    1.752174] zbud: loaded
[    1.754486] VFS: Disk quotas dquot_6.6.0
[    1.756249] VFS: Dquot-cache hash table entries: 512 (order 0, 4096 bytes)
[    1.761009] squashfs: version 4.0 (2009/01/31) Phillip Lougher
[    1.766359] fuse init (API version 7.23)
[    1.768423] Key type big_key registered
[    1.770412] Allocating IMA MOK and blacklist keyrings.
[    1.773160] Key type asymmetric registered
[    1.777156] Asymmetric key parser 'x509' registered
[    1.782949] Block layer SCSI generic (bsg) driver version 0.4 loaded (major 249)
[    1.786628] io scheduler noop registered
[    1.788323] io scheduler deadline registered (default)
[    1.792200] io scheduler cfq registered
[    1.793876] pci_hotplug: PCI Hot Plug PCI Core version: 0.5
[    1.795831] pciehp: PCI Express Hot Plug Controller Driver version: 0.4
[    1.798261] ACPI: AC Adapter [AC] (on-line)
[    1.800596] input: Power Button as /devices/LNXSYSTM:00/LNXPWRBN:00/input/input0
[    1.803872] ACPI: Power Button [PWRF]
[    1.805480] input: Sleep Button as /devices/LNXSYSTM:00/LNXSLPBN:00/input/input1
[    1.808233] ACPI: Sleep Button [SLPF]
[    1.811498] ACPI: Battery Slot [BAT0] (battery present)
[    1.815706] GHES: HEST is not enabled!
[    1.817685] Serial: 8250/16550 driver, 32 ports, IRQ sharing enabled
[    1.845906] 00:02: ttyS0 at I/O 0x3f8 (irq = 4, base_baud = 115200) is a 16550A
[    1.852078] Linux agpgart interface v0.103
[    1.859047] loop: module loaded
[    1.862570] scsi host0: ata_piix
[    1.864683] scsi host1: ata_piix
[    1.866799] ata1: PATA max UDMA/33 cmd 0x1f0 ctl 0x3f6 bmdma 0xd000 irq 14
[    1.869649] ata2: PATA max UDMA/33 cmd 0x170 ctl 0x376 bmdma 0xd008 irq 15
[    1.873671] libphy: Fixed MDIO Bus: probed
[    1.875664] tun: Universal TUN/TAP device driver, 1.6
[    1.877932] tun: (C) 1999-2004 Max Krasnyansky <maxk@qualcomm.com>
[    1.881131] PPP generic driver version 2.4.2
[    1.883652] ehci_hcd: USB 2.0 'Enhanced' Host Controller (EHCI) Driver
[    1.886964] ehci-pci: EHCI PCI platform driver
[    1.889093] ehci-platform: EHCI generic platform driver
[    1.890957] ohci_hcd: USB 1.1 'Open' Host Controller (OHCI) Driver
[    1.893211] ohci-pci: OHCI PCI platform driver
[    1.894948] ohci-platform: OHCI generic platform driver
[    1.897087] uhci_hcd: USB Universal Host Controller Interface driver
[    1.899736] i8042: PNP: PS/2 Controller [PNP0303:PS2K,PNP0f03:PS2M] at 0x60,0x64 irq 1,12
[    1.904737] serio: i8042 KBD port at 0x60,0x64 irq 1
[    1.906486] serio: i8042 AUX port at 0x60,0x64 irq 12
[    1.908767] mousedev: PS/2 mouse device common for all mice
[    1.918841] input: AT Translated Set 2 keyboard as /devices/platform/i8042/serio0/input/input2
[    1.922982] rtc_cmos rtc_cmos: rtc core: registered rtc_cmos as rtc0
[    1.926100] rtc_cmos rtc_cmos: alarms up to one day, 114 bytes nvram
[    1.931853] i2c /dev entries driver
[    1.936800] device-mapper: uevent: version 1.0.3
[    1.940761] device-mapper: ioctl: 4.34.0-ioctl (2015-10-28) initialised: dm-devel@redhat.com
[    1.945832] ledtrig-cpu: registered to indicate activity on CPUs
[    1.949419] NET: Registered protocol family 10
[    1.951932] NET: Registered protocol family 17
[    1.954171] Key type dns_resolver registered
[    1.957239] registered taskstats version 1
[    1.959519] Loading compiled-in X.509 certificates
[    1.963111] Loaded X.509 cert 'Build time autogenerated kernel key: 7c9fb337b82e5a343493fe891c556beae1895c7c'
[    1.967159] zswap: loaded using pool lzo/zbud
[    1.973423] Key type trusted registered
[    1.984926] Key type encrypted registered
[    1.986802] AppArmor: AppArmor sha1 policy hashing enabled
[    1.989254] ima: No TPM chip found, activating TPM-bypass!
[    1.991675] ima: Allocated hash algorithm: sha1
[    1.994298] evm: HMAC attrs: 0x1
[    2.006788]   Magic number: 3:349:816
[    2.009072] rtc_cmos rtc_cmos: setting system clock to 2019-01-17 03:49:20 UTC (1547696960)
[    2.013353] BIOS EDD facility v0.16 2004-Jun-25, 0 devices found
[    2.016243] EDD information not available.
[    2.032872] Freeing unused kernel memory: 1528K
[    2.035044] Write protecting the kernel read-only data: 14336k
[    2.038742] Freeing unused kernel memory: 1660K
[    2.040905] Freeing unused kernel memory: 88K
Loading, please wait...
starting version 229
[    2.064875] random: systemd-udevd: uninitialized urandom read (16 bytes read, 3 bits of entropy available)
[    2.070105] random: udevadm: uninitialized urandom read (16 bytes read, 3 bits of entropy available)
[    2.073695] random: systemd-udevd: uninitialized urandom read (16 bytes read, 3 bits of entropy available)
[    2.086879] random: udevadm: uninitialized urandom read (16 bytes read, 3 bits of entropy available)
[    2.100212] random: systemd-udevd: uninitialized urandom read (16 bytes read, 3 bits of entropy available)
[    2.104050] random: systemd-udevd: uninitialized urandom read (16 bytes read, 3 bits of entropy available)
[    2.117268] random: systemd-udevd: uninitialized urandom read (16 bytes read, 3 bits of entropy available)
[    2.122642] random: udevadm: uninitialized urandom read (16 bytes read, 3 bits of entropy available)
[    2.126411] random: systemd-udevd: uninitialized urandom read (16 bytes read, 3 bits of entropy available)
[    2.129942] random: udevadm: uninitialized urandom read (16 bytes read, 3 bits of entropy available)
[    2.253564] e1000: Intel(R) PRO/1000 Network Driver - version 7.3.21-k8-NAPI
[    2.255934] e1000: Copyright (c) 1999-2006 Intel Corporation.
[    2.262398] Fusion MPT base driver 3.04.20
[    2.266898] Copyright (c) 1999-2008 LSI Corporation
[    2.318293] Fusion MPT SPI Host driver 3.04.20
[    2.358865] AVX version of gcm_enc/dec engaged.
[    2.360571] AES CTR mode by8 optimization enabled
[    2.494365] input: ImExPS/2 Generic Explorer Mouse as /devices/platform/i8042/serio1/input/input4
[    2.712297] tsc: Refined TSC clocksource calibration: 2691.006 MHz
[    2.719049] clocksource: tsc: mask: 0xffffffffffffffff max_cycles: 0x26ca0e1ba53, max_idle_ns: 440795305184 ns
[    2.849205] e1000 0000:00:03.0 eth0: (PCI:33MHz:32-bit) 02:e9:22:0c:6f:83
[    2.851882] e1000 0000:00:03.0 eth0: Intel(R) PRO/1000 Network Connection
[    2.858636] mptbase: ioc0: Initiating bringup
[    2.928545] ioc0: LSI53C1030 A0: Capabilities={Initiator}
[    3.101829] scsi host2: ioc0: LSI53C1030 A0, FwRev=00000000h, Ports=1, MaxQ=256, IRQ=20
[    3.218191] scsi 2:0:0:0: Direct-Access     VBOX     HARDDISK         1.0  PQ: 0 ANSI: 5
[    3.227386] scsi target2:0:0: Beginning Domain Validation
[    3.234531] scsi target2:0:0: Domain Validation skipping write tests
[    3.242214] scsi target2:0:0: Ending Domain Validation
[    3.257302] scsi target2:0:0: asynchronous
[    3.282072] scsi 2:0:1:0: Direct-Access     VBOX     HARDDISK         1.0  PQ: 0 ANSI: 5
[    3.335622] scsi target2:0:1: Beginning Domain Validation
[    3.408647] scsi target2:0:1: Domain Validation skipping write tests
[    3.413557] scsi target2:0:1: Ending Domain Validation
[    3.428889] scsi target2:0:1: asynchronous
[    3.565718] sd 2:0:0:0: Attached scsi generic sg0 type 0
[    3.570559] sd 2:0:0:0: [sda] 20971520 512-byte logical blocks: (10.7 GB/10.0 GiB)
[    3.583295] sd 2:0:0:0: [sda] Write Protect is off
[    3.590506] sd 2:0:1:0: [sdb] 20480 512-byte logical blocks: (10.5 MB/10.0 MiB)
[    3.593852] sd 2:0:1:0: Attached scsi generic sg1 type 0
[    3.596799] sd 2:0:1:0: [sdb] Write Protect is off
[    3.599823] sd 2:0:1:0: [sdb] Incomplete mode parameter data
[    3.601974] sd 2:0:1:0: [sdb] Assuming drive cache: write through
[    3.609963] sd 2:0:0:0: [sda] Incomplete mode parameter data
[    3.618983] sd 2:0:0:0: [sda] Assuming drive cache: write through
[    3.644711] sd 2:0:1:0: [sdb] Attached SCSI disk
[    3.652528]  sda: sda1
[    3.654448] sd 2:0:0:0: [sda] Attached SCSI disk
[    3.775247] e1000 0000:00:08.0 eth1: (PCI:33MHz:32-bit) 08:00:27:52:de:63
[    3.778991] e1000 0000:00:08.0 eth1: Intel(R) PRO/1000 Network Connection
[    3.783376] e1000 0000:00:03.0 enp0s3: renamed from eth0
[    3.790071] e1000 0000:00:08.0 enp0s8: renamed from eth1
Begin: Loading essential drivers ... [    5.591967] md: linear personality registered for level -1
[    5.598786] md: multipath personality registered for level -4
[    5.608620] md: raid0 personality registered for level 0
[    5.619165] md: raid1 personality registered for level 1
[    5.699904] raid6: sse2x1   gen()  2217 MB/s
[    5.768065] raid6: sse2x1   xor()  1616 MB/s
[    5.835885] raid6: sse2x2   gen()  4347 MB/s
[    5.903837] raid6: sse2x2   xor()  2869 MB/s
[    5.972046] raid6: sse2x4   gen()  6803 MB/s
[    6.047646] raid6: sse2x4   xor()  3999 MB/s
[    6.049364] raid6: using algorithm sse2x4 gen() 6803 MB/s
[    6.052384] raid6: .... xor() 3999 MB/s, rmw enabled
[    6.054211] raid6: using ssse3x2 recovery algorithm
[    6.058631] xor: automatically using best checksumming function:
[    6.099902]    avx       : 14548.000 MB/sec
[    6.105505] async_tx: api initialized (async)
[    6.129440] md: raid6 personality registered for level 6
[    6.133558] md: raid5 personality registered for level 5
[    6.135371] md: raid4 personality registered for level 4
[    6.147863] md: raid10 personality registered for level 10
done.
Begin: Running /scripts/init-premount ... done.
Begin: Mounting root file system ... Begin: Running /scripts/local-top ... done.
Begin: Running /scripts/local-premount ... [    6.224000] Btrfs loaded
Scanning for Btrfs filesystems
done.
Warning: fsck not present, so skipping root file system
[    6.359723] EXT4-fs (sda1): mounted filesystem with ordered data mode. Opts: (null)
done.
Begin: Running /scripts/local-bottom ... done.
Begin: Running /scripts/init-bottom ... done.
[    7.314080] random: nonblocking pool is initialized
[    7.329185] systemd[1]: systemd 229 running in system mode. (+PAM +AUDIT +SELINUX +IMA +APPARMOR +SMACK +SYSVINIT +UTMP +LIBCRYPTSETUP +GCRYPT +GNUTLS +ACL +XZ -LZ4 +SECCOMP +BLKID +ELFUTILS +KMOD -IDN)
[    7.336369] systemd[1]: Detected virtualization oracle.
[    7.338586] systemd[1]: Detected architecture x86-64.

Welcome to [1mUbuntu 16.04.5 LTS[0m!

[    7.389372] systemd[1]: Set hostname to <ubuntu>.
[    7.445028] systemd[1]: Initializing machine ID from random generator.
[    7.450166] systemd[1]: Installed transient /etc/machine-id file.
[    8.682628] systemd[1]: Listening on Journal Socket.
[[0;32m  OK  [0m] Listening on Journal Socket.
[    8.697542] systemd[1]: Listening on udev Control Socket.
[[0;32m  OK  [0m] Listening on udev Control Socket.
[    8.711835] systemd[1]: Reached target Swap.
[[0;32m  OK  [0m] Reached target Swap.
[    8.723015] systemd[1]: Listening on LVM2 poll daemon socket.
[[0;32m  OK  [0m] Listening on LVM2 poll daemon socket.
[    8.728720] systemd[1]: Set up automount Arbitrary Executable File Formats File System Automount Point.
[[0;32m  OK  [0m] Set up automount Arbitrary Executab...ats File System Automount Point.
[    8.739950] systemd[1]: Reached target Encrypted Volumes.
[[0;32m  OK  [0m] Reached target Encrypted Volumes.
[    8.750136] systemd[1]: Started Forward Password Requests to Wall Directory Watch.
[[0;32m  OK  [0m] Started Forward Password Requests to Wall Directory Watch.
[    8.758234] systemd[1]: Listening on Journal Audit Socket.
[[0;32m  OK  [0m] Listening on Journal Audit Socket.
[    8.780932] systemd[1]: Created slice System Slice.
[[0;32m  OK  [0m] Created slice System Slice.
[    8.792963] systemd[1]: Starting Set console keymap...
         Starting Set console keymap...
[    8.822926] systemd[1]: Listening on udev Kernel Socket.
[[0;32m  OK  [0m] Listening on udev Kernel Socket.
[    8.830843] systemd[1]: Started Trigger resolvconf update for networkd DNS.
[[0;32m  OK  [0m] Started Trigger resolvconf update for networkd DNS.
[    8.850320] systemd[1]: Starting Create list of required static device nodes for the current kernel...
         Starting Create list of required st... nodes for the current kernel...
[    8.872669] systemd[1]: Created slice system-serial\x2dgetty.slice.
[[0;32m  OK  [0m] Created slice system-serial\x2dgetty.slice.
[    8.895267] systemd[1]: Listening on /dev/initctl Compatibility Named Pipe.
[[0;32m  OK  [0m] Listening on /dev/initctl Compatibility Named Pipe.
[    8.905341] systemd[1]: Mounting Huge Pages File System...
         Mounting Huge Pages File System...
[    8.916875] systemd[1]: Created slice User and Session Slice.
[[0;32m  OK  [0m] Created slice User and Session Slice.
[    8.926956] systemd[1]: Reached target User and Group Name Lookups.
[[0;32m  OK  [0m] Reached target User and Group Name Lookups.
[    8.936504] systemd[1]: Starting Nameserver information manager...
         Starting Nameserver information manager...
[    8.979865] systemd[1]: Starting Load Kernel Modules...
         Starting Load Kernel Modules...
[    8.988149] systemd[1]: Mounting Debug File System...
         Mounting Debug File System...
[    9.001105] systemd[1]: Listening on Journal Socket (/dev/log).
[[0;32m  OK  [0m] Listening on Journal Socket (/dev/log).
[    9.013772] systemd[1]: Listening on Syslog Socket.
[[0;32m  OK  [0m] Listening on Syslog Socket.
[    9.024849] systemd[1]: Starting Journal Service...
         Starting Journal Service...
[    9.033500] systemd[1]: Reached target System Time Synchronized.
[[0;32m  OK  [0m] Reached target System Time Synchronized.
[    9.047329] systemd[1]: Reached target Slices.
[[0;32m  OK  [0m] Reached target Slices.
[    9.058142] systemd[1]: Starting Uncomplicated firewall...
         Starting Uncomplicated firewall...
[    9.071635] systemd[1]: Listening on LVM2 metadata daemon socket.
[[0;32m  OK  [0m] Listening on LVM2 metadata daemon socket.
[    9.089233] systemd[1]: Starting Remount Root and Kernel File Systems...
         Starting Remount Root and Kernel File Systems...
[    9.099713] systemd[1]: Listening on Device-mapper event daemon FIFOs.
[[0;32m  OK  [0m] Listening on Device-mapper event daemon FIFOs.
[    9.113496] systemd[1]: Starting Monitoring of LVM2 mirrors, snapshots etc. using dmeventd or progress polling...
         Starting Monitoring of LVM2 mirrors... dmeventd or progress polling...
[    9.148867] systemd[1]: Mounting POSIX Message Queue File System...
         Mounting POSIX Message Queue File System...
[    9.164837] systemd[1]: Mounted Huge Pages File System.
[[0;32m  OK  [0m] Mounted Huge Pages File System.
[    9.177492] systemd[1]: Mounted Debug File System.
[[0;32m  OK  [0m] Mounted Debug File System.
[    9.186945] systemd[1]: Mounted POSIX Message Queue File System.
[    9.189802] EXT4-fs (sda1): re-mounted. Opts: (null)
[[0;32m  OK  [0m] Mounted POSIX Message Queue File System.
[    9.206615] systemd[1]: Started Create list of required static device nodes for the current kernel.
[[0;32m  OK  [0m] Started Create list of required sta...ce nodes for the current kernel.
[    9.231446] Loading iSCSI transport class v2.0-870.
[    9.235394] systemd[1]: Started Uncomplicated firewall.
[[0;32m  OK  [0m] Started Uncomplicated firewall.
[    9.244977] systemd[1]: Started Remount Root and Kernel File Systems.
[[0;32m  OK  [0m] Started Remount Root and Kernel File Systems.
[    9.280888] systemd[1]: Started Nameserver information manager.
[[0;32m  OK  [0m] Started Nameserver information manager.
[    9.327580] iscsi: registered transport (tcp)
[    9.353441] systemd[1]: Started Set console keymap.
[[0;32m  OK  [0m] Started Set console keymap.
[    9.466359] systemd[1]: Started Journal Service.
[[0;32m  OK  [0m] Started Journal Service.
         Starting udev Coldplug all Devices...
         Starting Flush Journal to Persistent Storage...
         Starting Load/Save Random Seed...
         Starting Create Static Device Nodes in /dev...
[[0;32m  OK  [0[    9.619622] systemd-journald[384]: Received request to flush runtime journal from PID 1
m] Started LVM2 metadata daemon.
[[0;32m  OK  [0m] Started Flush Journal to Persistent Storage.
[[0;32m  OK  [0m] Started Load/Save Random Seed.
[[0;32m  OK  [0m] Started udev Coldplug all Devices.
[    9.772044] iscsi: registered transport (iser)
[[0;32m  OK  [0m] Started Load Kernel Modules.
         Starting Apply Kernel Variables...
         Mounting FUSE Control File System...
[[0;32m  OK  [0m] Mounted FUSE Control File System.
[[0;32m  OK  [0m] Started Apply Kernel Variables.
[[0;32m  OK  [0m] Started Create Static Device Nodes in /dev.
         Starting udev Kernel Device Manager...
[[0;32m  OK  [0m] Started Monitoring of LVM2 mirrors,...ng dmeventd or progress polling.
[[0;32m  OK  [0m] Reached target Local File Systems (Pre).
[[0;32m  OK  [0m] Reached target Local File Systems.
         Starting Create Volatile Files and Directories...
         Starting Set console font and keymap...
         Starting Commit a transient machine-id on disk...
         Starting Tell Plymouth To Write Out Runtime Data...
         Starting Initial cloud-init job (pre-networking)...
         Starting LSB: AppArmor initialization...
[[0;32m  OK  [0m] Started Commit a transient machine-id on disk.
[[0;32m  OK  [0m] Started Tell Plymouth To Write Out Runtime Data.
[[0;32m  OK  [0m] Started Create Volatile Files and Directories.
         Starting Update UTMP about System Boot/Shutdown...
[[0;32m  OK  [0m] Started Update UTMP about System Boot/Shutdown.
[[0;32m  OK  [0m] Started udev Kernel Device Manager.
[[0;32m  OK  [0m] Started Dispatch Password Requests to Console Directory Watch.
[[0;32m  OK  [0m] Found device /dev/ttyS0.
[[0;32m  OK  [0m] Listening on Load/Save RF Kill Switch Status /dev/rfkill Watch.
[[0;32m  OK  [0m] Started Set console font and keymap.
[[0;32m  OK  [0m] Created slice system-getty.slice.
[   17.917340] cloud-init[482]: Cloud-init v. 18.4-0ubuntu1~16.04.2 running 'init-local' at Thu, 17 Jan 2019 03:49:35 +0000. Up 16.58 seconds.
[[0;32m  OK  [0m] Started LSB: AppArmor initialization.
[[0;32m  OK  [0m] Started Initial cloud-init job (pre-networking).
[[0;32m  OK  [0m] Reached target Network (Pre).
         Starting Raise network interfaces...
[[0;32m  OK  [0m] Started Raise network interfaces.
         Starting Initial cloud-init job (metadata service crawler)...
[[0;32m  OK  [0m] Reached target Network.
[   22.015149] cloud-init[949]: Cloud-init v. 18.4-0ubuntu1~16.04.2 running 'init' at Thu, 17 Jan 2019 03:49:38 +0000. Up 19.28 seconds.
[   22.025172] cloud-init[949]: ci-info: ++++++++++++++++++++++++++++++++++++++Net device info+++++++++++++++++++++++++++++++++++++++
[   22.035459] cloud-init[949]: ci-info: +--------+-------+----------------------------+---------------+--------+-------------------+
[   22.044575] cloud-init[949]: ci-info: | Device |   Up  |          Address           |      Mask     | Scope  |     Hw-Address    |
[   22.059206] cloud-init[949]: ci-info: +--------+-------+----------------------------+---------------+--------+-------------------+
[   22.066432] cloud-init[949]: ci-info: | enp0s3 |  True |         10.0.2.15          | 255.255.255.0 | global | 02:e9:22:0c:6f:83 |
[   22.073123] cloud-init[949]: ci-info: | enp0s3 |  True | fe80::e9:22ff:fe0c:6f83/64 |       .       |  link  | 02:e9:22:0c:6f:83 |
[   22.089465] cloud-init[949]: ci-info: | enp0s8 | False |             .              |       .       |   .    | 08:00:27:52:de:63 |
[   22.104827] cloud-init[949]: ci-info: |   lo   |  True |         127.0.0.1          |   255.0.0.0   |  host  |         .         |
[   22.120639] cloud-init[949]: ci-info: |   lo   |  True |          ::1/128           |       .       |  host  |         .         |
[   22.134622] cloud-init[949]: ci-info: +--------+-------+----------------------------+---------------+--------+-------------------+
[   22.144559] cloud-init[949]: ci-info: +++++++++++++++++++++++++++Route IPv4 info++++++++++++++++++++++++++++
[   22.152816] cloud-init[949]: ci-info: +-------+-------------+----------+---------------+-----------+-------+[[0;32m  OK  [0m] Started Initial cloud-init job (metadata service crawler).
[[0;32m  OK  [0m] Reached target Cloud-config availability.
[[0;32m  OK  [0m] Reached target System Initialization.
         Starting Socket activation for snappy daemon.
[   22.164581] cloud-init[949]: ci-info: | Route | Destination | Gateway  |    Genmask    | Interface | Flags |
[   22.167373] cloud-init
[[0;32m  OK  [0m] Started Daily Cleanup of Temporary Directories.
[[0;32m  OK  [0m] Listening on ACPID Listen Socket.
[[0;32m  OK  [0m] Started Daily apt download activities.
[[0;32m  OK  [0m] Started Daily apt upgrade and clean activities.
[949]: ci-info: +-------+-------------+----------+---------------+-----------+-------+
[   22.185119] cloud-init[949]: ci-info: |   0   |   0.0.0.0   | 10.0.2.2 |    0.0.0.0    |   enp0s3  |   UG  |
[   22.189479] cloud-init[949]: ci-info: |   1   |   10.0.2.0  | 0.0.0.0  | 255.255.255.0 |   enp0s3  |   U   |[[0;32m  OK  [0m] Started ACPI Events Check.
[[0;32m  OK  [0m] Reached target Paths.
[[0;32m  OK  [0m] Reached target Timers.
[[0;32m  OK  [0m] Listening on UUID daemon activation socket.
[[0;32m  OK  [0m] Listening on D-Bus System Message Bus Socket.

[   22.201640] cloud-init[949]: ci-info: +-------+-------------+----------+---------------+-----------+-------+
[   22.209440] cloud-init[949]: ci-info: +++++++++++++++++++Route IPv6 info+++++++++++++++++++
         Starting LXD - unix socket.
[   22.218591] cloud-init[949]: ci-info: +-------+-------------+---------+-----------+-------+
[   22.231449] [[0;32m  OK  [0m] Reached target Network is Online.
         cloud-init[949]: ci-info: | Route | Destination | Gateway | Interface | Flags |
[   22.236287] cloud-init[949]: ci-info: +-------+-------------+---------+-----------+-------+
[   22.236408] cloud-init[949]: ci-info: |   0   |  fe80::/64  |    ::   |   enp0s3  |   U   |
[   22.236511] cloud-init[949]: ci-info: |   3   |   ff00::/8  |    ::   |   enp0s3  |   U   |
[   22.236601] cloud-init[949]: ci-info: +-------+-------------+---------+-----------+-------+
[   22.236682] cloud-init[949]: Generating public/private rsa key pair.
[   22.236763] cloud-init[949]: Your identification has been saved in /etc/ssh/ssh_host_rsa_key.
[   22.236844] cloud-init[949]: Your public key has been saved in /etc/ssh/ssh_host_rsa_key.pub.
[   22.236926] cloud-init[949]: The key fingerprint is:
[   22.237007] cloud-init[949]: SHA256:Tmgg8krcspRpo0cIsCTuMaCPr+W6ZI4uEnp4RhiqNkA root@ubuntu-xenial
[   22.237088] cloud-init[949]: The key's randomart image is:
[   22.237168] cloud-init[949]: +---[RSA 2048]----+
[   22.237249] cloud-init[949]: |+.               |
Starting iSCSI initiator daemon (iscsid)...
[[0;32m  OK  [0m] Listening on Socket activation for snappy daemon.[   22.237339] cloud-init[949]: |B.               |
[   22.279535] cloud-init
[[0;32m  OK  [0m] Listening on LXD - unix socket.
[949]: |=+. .            |
[   22.286565] cloud-init[949]: |=E*. . .         |
[   22.293581] cloud-init[949]: |=&+.  o S        |
[   22.299447] cloud-init[949]: |X+=  . o         |
[   22.303951] cloud-init[949]: |*B+     .        |
[   22.306549] cloud-init[949]: [[0;32m  OK  [0m] Reached target Sockets.
[[0;32m  OK  [0m] Reached target Basic System.
[[0;32m  OK  [0m] Started FUSE filesystem for LXC.
|@B+              |
[   22.317825] cloud-init[949]: |XOo              |
[[0;32m  OK  [0m] Started D-Bus System Message Bus.[   22.326215] cloud-init[949]: +----[SHA256]-----+
[   22.331684] 
cloud-init[949]: Generating public/private dsa key pair.
[   22.345992] cloud-init[949]: Your identification has been saved in /etc/ssh/ssh_host_dsa_key.
[   22.351712] cloud-init[949]: Your public key has been saved in /etc/ssh/ssh_host_dsa_key.pub.
[   22.387258] cloud-init[949]: The key fingerprint is:
[   22.391119] cloud-init[949]: SHA256:sYOLkGcFuyE856tN/sjZWE53fY9ZcX3JgHAUSt6VTIM root@ubuntu-xenial
[   22.396625] cloud-init[949]: The key's randomart image is:
[   22.399283] cloud-init[949]: +---[DSA 1024]----+
[   22.402150] cloud-init[949]: |    .    o.+=+.  |
[   22.405158] cloud-init[949]: | .   o  o =Eoo.  |
[   22.407530] cloud-init[949]: |  + + . .o o .   |
[   22.410402] cloud-init[949]: |   * + . o    o o|
[   22.413382] cloud-init[949]: |  o = . S      ++|
[   22.415778] cloud-init[949]: |   + o . . .    +|
[   22.418061] cloud-init[949]: |    + + . . . . .|
[   22.420287] cloud-init[949]: |   * O . .   . = |
[   22.422692] cloud-init[949]: |  . B.+       o .|
[   22.425476] cloud-init[949]: +----[SHA256]-----+
[   22.428264] cloud-init[949]: Generating public/private ecdsa key pair.
[   22.430936] cloud-init[949]: Your identification has been saved in /etc/ssh/ssh_host_ecdsa_key.
[   22.434019] cloud-init[949]: Your public key has been saved in /etc/ssh/ssh_host_ecdsa_key.pub.
[   22.438780] cloud-init[949]: The key fingerprint is:
[   22.442238] cloud-init[949]: SHA256:XDogr542vM8cGN6JQ7P1VR167EH4dEJMxYRBCNRWgyM root@ubuntu-xenial
[   22.446570] cloud-init[949]: The key's randomart image is:
[   22.449104] cloud-init[949]: +---[ECDSA 256]---+
[   22.451302] cloud-init[949]: |         .oo XX*o|
[   22.453622] cloud-init[949]: |          E B==oo|
[   22.456414] cloud-init[949]: |    . .   .oo+=o |
[   22.459152] cloud-init[949]: |     o o o . o.. |
[   22.462137] cloud-init[949]: |    + o S .   .  |
[   22.464688] cloud-init[949]: |   o X o o       |
[   22.468932] cloud-init[949]: |   .B + .        |
[   22.471101] cloud-init[949]: |   .+= .         |
[   22.473409] cloud-init[949]: |   .+++          |
[   22.476422] cloud-init[949]: +----[SHA256]-----+
[   22.479071] cloud-init[949]: Generating public/private ed25519 key pair.
[   22.481620] cloud-init[949]: Your identification has been saved in /etc/ssh/ssh_host_ed25519_key.
[   22.484697] cloud-init[949]: Your public key has been saved in /etc/ssh/ssh_host_ed25519_key.pub.
[   22.490295] cloud-init[949]: The key fingerprint is:
[   22.493643] cloud-init[949]: SHA256:y5NuKQUf/d+GRj2tbhuPEyIiRwYRPxZACdj4yec+Uis root@ubuntu-xenial
[   22.497080] cloud-init[949]: The key's randomart image is:
[   22.499420] cloud-init[949]: +--[ED25519 256]--+
[   22.501645] cloud-init[949]: |   +.o==.        |
[   22.503883] cloud-init[949]: |  o . o. .       |
[   22.506821] cloud-init[949]: |   o . .+.       |
[   22.509713] cloud-init[949]: |    + o.+..      |
[   22.512101] cloud-init[949]: |     o =S. .   ..|
[   22.514352] cloud-init[949]: |      +.=o. o o.o|
[   22.516822] cloud-init[949]: |     o ==o . +.=.|
[   22.519488] cloud-init[949]: |    E =.o.    B+o|
[   22.522539] cloud-init[949]: |     o +.    +++.|
[   22.525390] cloud-init[949]: +----[SHA256]-----+
[[0;32m  OK  [0m] Started Deferred execution scheduler.
         Starting LSB: Record successful boot for GRUB...
         Starting LXD - container startup/shutdown...
         Starting System Logging Service...
         Starting /etc/rc.local Compatibility...
         Starting Accounts Service...
         Starting Login Service...
[[0;32m  OK  [0m] Started Unattended Upgrades Shutdown.
[[0;32m  OK  [0m] Started Regular background program processing daemon.
         Starting Virtualbox guest utils...
         Starting Pollinate to seed the pseudo random number generator...
[[0;32m  OK  [0m] Started ACPI event daemon.
         Starting LSB: MD monitoring daemon...
         Starting Snappy daemon...
[[0;32m  OK  [0m] Started /etc/rc.local Compatibility.
[[0;32m  OK  [0m] Started iSCSI initiator daemon (iscsid).
[[0;32m  OK  [0m] Started Login Service.
         Starting Login to default iSCSI targets...
[[0;32m  OK  [0m] Started System Logging Service.
[[0;32m  OK  [0m] Started LSB: Record successful boot for GRUB.
[[0;32m  OK  [0m] Started Login to default iSCSI targets.
[[0;32m  OK  [0m] Reached target Remote File Systems (Pre).
[[0;32m  OK  [0m] Reached target Remote File Systems.
         Starting Permit User Sessions...
         Starting LSB: Set the CPU Frequency Scaling governor to "ondemand"...
         Starting LSB: automatic crash report generation...
         Starting LSB: daemon to balance interrupts for SMP systems...
[[0;32m  OK  [0m] Started LSB: MD monitoring daemon.
[[0;32m  OK  [0m] Started Permit User Sessions.
[[0;32m  OK  [0m] Started LSB: Set the CPU Frequency Scaling governor to "ondemand".
         Starting Terminate Plymouth Boot Screen...
         Starting Hold until boot process finishes up...
[[0;32m  OK  [0m] Started Terminate Plymouth Boot Screen.
[[0;32m  OK  [0m] Started Hold until boot process finishes up.
[[0;32m  OK  [0m] Started Getty on tty1.
[[0;32m  OK  [0m] Started Serial Getty on ttyS0.
[[0;32m  OK  [0m] Reached target Login Prompts.
         Starting Set console scheme...
[[0;32m  OK  [0m] Started Set console scheme.
[[0;32m  OK  [0m] Started LSB: automatic crash report generation.
[[0;32m  OK  [0m] Started LSB: daemon to balance interrupts for SMP systems.
[[0;32m  OK  [0m] Started Virtualbox guest utils.
         Starting Authenticate and Authorize Users to Run Privileged Tasks...
[[0;32m  OK  [0m] Started Authenticate and Authorize Users to Run Privileged Tasks.
[[0;32m  OK  [0m] Started Accounts Service.
[[0;32m  OK  [0m] Started Pollinate to seed the pseudo random number generator.
         Starting OpenBSD Secure Shell server...
[[0;32m  OK  [0m] Started OpenBSD Secure Shell server.
[[0;32m  OK  [0m] Started Snappy daemon.
         Starting Wait until snapd is fully seeded...
[[0;32m  OK  [0m] Started LXD - container startup/shutdown.

Ubuntu 16.04.5 LTS ubuntu-xenial ttyS0

ubuntu-xenial login: [   33.992066] cloud-init[1398]: Generating locales (this might take a while)...
[   38.003830] cloud-init[1398]:   en_US.UTF-8... done
[   38.008371] cloud-init[1398]: Generation complete.
[   40.129891] cloud-init[1398]: Cloud-init v. 18.4-0ubuntu1~16.04.2 running 'modules:config' at Thu, 17 Jan 2019 03:49:52 +0000. Up 33.26 seconds.
ci-info: no authorized ssh keys fingerprints found for user ubuntu.
<14>Jan 17 03:50:00 ec2: 
<14>Jan 17 03:50:00 ec2: #############################################################
<14>Jan 17 03:50:00 ec2: -----BEGIN SSH HOST KEY FINGERPRINTS-----
<14>Jan 17 03:50:00 ec2: 1024 SHA256:sYOLkGcFuyE856tN/sjZWE53fY9ZcX3JgHAUSt6VTIM root@ubuntu-xenial (DSA)
<14>Jan 17 03:50:00 ec2: 256 SHA256:XDogr542vM8cGN6JQ7P1VR167EH4dEJMxYRBCNRWgyM root@ubuntu-xenial (ECDSA)
<14>Jan 17 03:50:00 ec2: 256 SHA256:y5NuKQUf/d+GRj2tbhuPEyIiRwYRPxZACdj4yec+Uis root@ubuntu-xenial (ED25519)
<14>Jan 17 03:50:00 ec2: 2048 SHA256:Tmgg8krcspRpo0cIsCTuMaCPr+W6ZI4uEnp4RhiqNkA root@ubuntu-xenial (RSA)
<14>Jan 17 03:50:00 ec2: -----END SSH HOST KEY FINGERPRINTS-----
<14>Jan 17 03:50:00 ec2: #############################################################
-----BEGIN SSH HOST KEY KEYS-----
ecdsa-sha2-nistp256 AAAAE2VjZHNhLXNoYTItbmlzdHAyNTYAAAAIbmlzdHAyNTYAAABBBMB2Wn6mcgz+HmnzMgTIvof3xwjzUIvQZgmy7+NfhUbH/fQzcpvLeAP9a+MlxKra7eTLcjR4dz/Aw3/zOIB9PZI= root@ubuntu-xenial
ssh-ed25519 AAAAC3NzaC1lZDI1NTE5AAAAIKZDUUimsk73QiWoxXDcuLQvMhtnTu53Why390Z797C0 root@ubuntu-xenial
ssh-rsa AAAAB3NzaC1yc2EAAAADAQABAAABAQDGlwSR1y1rAp5u4rCmOUW2xN3J1+Q+xfpBP2v3fvtQq4uT5hjlFO7uUCx8aA0NK0Ihd61D59zFWPk+hj2eU7ZMfikcMeGUiRjoAmzAJd+WCBMrnqRqcE/SyNa7r0LF5ftnqM1TcODNXzBFwseWcT2CjXjeg1M3Vp9Om3ceTUwVBsbTsz3Bf8biycp/v1Kz0Oiwe1NBSsXnOTuFHWZo/gFdHrqE6z0ZGEZStN97eh5SyW4dUGCAY8AIC2ElJOJtYEEhegRuTJkBEq3elz//BGnWdcTtJ+jJ1PerEIn3XX7mbFeL+ByqypCtzI1MCghL5BehXj+aUtXe5XRS63iHmkn7 root@ubuntu-xenial
-----END SSH HOST KEY KEYS-----
[   41.916196] cloud-init[1739]: Cloud-init v. 18.4-0ubuntu1~16.04.2 running 'modules:final' at Thu, 17 Jan 2019 03:50:00 +0000. Up 41.29 seconds.
[   41.928905] cloud-init[1739]: ci-info: no authorized ssh keys fingerprints found for user ubuntu.
[   41.932053] cloud-init[1739]: Cloud-init v. 18.4-0ubuntu1~16.04.2 finished at Thu, 17 Jan 2019 03:50:01 +0000. Datasource DataSourceNoCloud [seed=/dev/sdb][dsmode=net].  Up 41.89 seconds
